rules =
  [rule R1
     B ?goal
     --------------------------------
     A ?goal,
   rule R2
     --------------------------------
     B ?goal]
goals = [A goal#0]