[rule "R1"
   --------------------------------
   "Q" "R1"]