[rule R1
   "P1" "?P10"
   --------------------------------
   "Q" ("R1" "?P10")]