[rule R1
   "P1" "?P10" {}
   "P2" "?P21" {}
   "P3" "?P32" {}
   --------------------------------
   "Q" ("R1" "?P10" "?P21" "?P32")]