[rule "R1"
   "B"
   "P1" "?P11"
   "P2" "?P22"
   --------------------------------
   "Q"]