rules =
  [rule R1
     "B" "?goal" {}
     --------------------------------
     "A" "?goal",
   rule R2
     --------------------------------
     "B" "?goal"]
goals = [[G#0] "A" "goal#0" {}]