rules =
  [rule R1
     "B"
     --------------------------------
     "A",
   rule R2
     --------------------------------
     "B"]
goals = [[G#0] "A"]