rules =
  [rule R1
     "B" {}
     --------------------------------
     "A",
   rule R2
     --------------------------------
     "B"]
goals = [[X] "A" {}, [X] "A" {}]