rules =
  [rule T_Z
     --------------------------------
     T Z,
   rule T_Sn
     T n
     T n
     --------------------------------
     T (S n)]
goals = [T (S (S (S (S Z))))]