rules =
  [rule T_Z
     --------------------------------
     "T" "Z" "T_Z",
   rule T_Sn
     "T" "n" "?T0"
     "T" "n" "?T1"
     --------------------------------
     "T" ("S" "n") ("T_Sn" "?T0" "?T1")]
goals = [[G#0] "T" ("S" ("S" ("S" ("S" "Z")))) "?T0"]